[    0.000000] Linux version 4.15.0-197-generic (buildd@lcy02-amd64-110) (gcc version 7.5.0 (Ubuntu 7.5.0-3ubuntu1~18.04)) #208-Ubuntu SMP Tue Nov 1 17:23:37 UTC 2022 (Ubuntu 4.15.0-197.208-generic 4.15.18)
[    0.000000] Command line: BOOT_IMAGE=/boot/vmlinuz-4.15.0-197-generic root=LABEL=cloudimg-rootfs ro console=tty1 console=ttyS0
[    0.000000] KERNEL supported cpus:
[    0.000000]   Intel GenuineIntel
[    0.000000]   AMD AuthenticAMD
[    0.000000]   Centaur CentaurHauls
[    0.000000] [Firmware Bug]: TSC doesn't count with P0 frequency!
[    0.000000] x86/fpu: Supporting XSAVE feature 0x001: 'x87 floating point registers'
[    0.000000] x86/fpu: Supporting XSAVE feature 0x002: 'SSE registers'
[    0.000000] x86/fpu: Supporting XSAVE feature 0x004: 'AVX registers'
[    0.000000] x86/fpu: xstate_offset[2]:  576, xstate_sizes[2]:  256
[    0.000000] x86/fpu: Enabled xstate features 0x7, context size is 832 bytes, using 'standard' format.
[    0.000000] e820: BIOS-provided physical RAM map:
[    0.000000] BIOS-e820: [mem 0x0000000000000000-0x000000000009fbff] usable
[    0.000000] BIOS-e820: [mem 0x000000000009fc00-0x000000000009ffff] reserved
[    0.000000] BIOS-e820: [mem 0x00000000000f0000-0x00000000000fffff] reserved
[    0.000000] BIOS-e820: [mem 0x0000000000100000-0x000000003ffeffff] usable
[    0.000000] BIOS-e820: [mem 0x000000003fff0000-0x000000003fffffff] ACPI data
[    0.000000] BIOS-e820: [mem 0x00000000fec00000-0x00000000fec00fff] reserved
[    0.000000] BIOS-e820: [mem 0x00000000fee00000-0x00000000fee00fff] reserved
[    0.000000] BIOS-e820: [mem 0x00000000fffc0000-0x00000000ffffffff] reserved
[    0.000000] NX (Execute Disable) protection: active
[    0.000000] SMBIOS 2.5 present.
[    0.000000] DMI: innotek GmbH VirtualBox/VirtualBox, BIOS VirtualBox 12/01/2006
[    0.000000] Hypervisor detected: KVM
[    0.000000] e820: last_pfn = 0x3fff0 max_arch_pfn = 0x400000000
[    0.000000] MTRR: Disabled
[    0.000000] x86/PAT: MTRRs disabled, skipping PAT initialization too.
[    0.000000] CPU MTRRs all blank - virtualized system.
[    0.000000] x86/PAT: Configuration [0-7]: WB  WT  UC- UC  WB  WT  UC- UC  
[    0.000000] found SMP MP-table at [mem 0x0009fff0-0x0009ffff]
[    0.000000] Scanning 1 areas for low memory corruption
[    0.000000] RAMDISK: [mem 0x359c7000-0x36cdafff]
[    0.000000] ACPI: Early table checksum verification disabled
[    0.000000] ACPI: RSDP 0x00000000000E0000 000024 (v02 VBOX  )
[    0.000000] ACPI: XSDT 0x000000003FFF0030 00003C (v01 VBOX   VBOXXSDT 00000001 ASL  00000061)
[    0.000000] ACPI: FACP 0x000000003FFF00F0 0000F4 (v04 VBOX   VBOXFACP 00000001 ASL  00000061)
[    0.000000] ACPI: DSDT 0x000000003FFF0610 002353 (v02 VBOX   VBOXBIOS 00000002 INTL 20100528)
[    0.000000] ACPI: FACS 0x000000003FFF0200 000040
[    0.000000] ACPI: FACS 0x000000003FFF0200 000040
[    0.000000] ACPI: APIC 0x000000003FFF0240 00005C (v02 VBOX   VBOXAPIC 00000001 ASL  00000061)
[    0.000000] ACPI: SSDT 0x000000003FFF02A0 00036C (v01 VBOX   VBOXCPUT 00000002 INTL 20100528)
[    0.000000] ACPI: Reserving FACP table memory at [mem 0x3fff00f0-0x3fff01e3]
[    0.000000] ACPI: Reserving DSDT table memory at [mem 0x3fff0610-0x3fff2962]
[    0.000000] ACPI: Reserving FACS table memory at [mem 0x3fff0200-0x3fff023f]
[    0.000000] ACPI: Reserving FACS table memory at [mem 0x3fff0200-0x3fff023f]
[    0.000000] ACPI: Reserving APIC table memory at [mem 0x3fff0240-0x3fff029b]
[    0.000000] ACPI: Reserving SSDT table memory at [mem 0x3fff02a0-0x3fff060b]
[    0.000000] No NUMA configuration found
[    0.000000] Faking a node at [mem 0x0000000000000000-0x000000003ffeffff]
[    0.000000] NODE_DATA(0) allocated [mem 0x3ffc5000-0x3ffeffff]
[    0.000000] kvm-clock: cpu 0, msr 0:3ff44001, primary cpu clock
[    0.000000] kvm-clock: Using msrs 4b564d01 and 4b564d00
[    0.000000] kvm-clock: using sched offset of 3436821840 cycles
[    0.000000] clocksource: kvm-clock: mask: 0xffffffffffffffff max_cycles: 0x1cd42e4dffb, max_idle_ns: 881590591483 ns
[    0.000000] Zone ranges:
[    0.000000]   DMA      [mem 0x0000000000001000-0x0000000000ffffff]
[    0.000000]   DMA32    [mem 0x0000000001000000-0x000000003ffeffff]
[    0.000000]   Normal   empty
[    0.000000]   Device   empty
[    0.000000] Movable zone start for each node
[    0.000000] Early memory node ranges
[    0.000000]   node   0: [mem 0x0000000000001000-0x000000000009efff]
[    0.000000]   node   0: [mem 0x0000000000100000-0x000000003ffeffff]
[    0.000000] Reserved but unavailable: 104 pages
[    0.000000] Initmem setup node 0 [mem 0x0000000000001000-0x000000003ffeffff]
[    0.000000] ACPI: PM-Timer IO Port: 0x4008
[    0.000000] IOAPIC[0]: apic_id 2, version 32, address 0xfec00000, GSI 0-23
[    0.000000] ACPI: INT_SRC_OVR (bus 0 bus_irq 0 global_irq 2 dfl dfl)
[    0.000000] ACPI: INT_SRC_OVR (bus 0 bus_irq 9 global_irq 9 low level)
[    0.000000] Using ACPI (MADT) for SMP configuration information
[    0.000000] smpboot: Allowing 2 CPUs, 0 hotplug CPUs
[    0.000000] PM: Registered nosave memory: [mem 0x00000000-0x00000fff]
[    0.000000] PM: Registered nosave memory: [mem 0x0009f000-0x0009ffff]
[    0.000000] PM: Registered nosave memory: [mem 0x000a0000-0x000effff]
[    0.000000] PM: Registered nosave memory: [mem 0x000f0000-0x000fffff]
[    0.000000] e820: [mem 0x40000000-0xfebfffff] available for PCI devices
[    0.000000] Booting paravirtualized kernel on KVM
[    0.000000] clocksource: refined-jiffies: mask: 0xffffffff max_cycles: 0xffffffff, max_idle_ns: 7645519600211568 ns
[    0.000000] setup_percpu: NR_CPUS:8192 nr_cpumask_bits:2 nr_cpu_ids:2 nr_node_ids:1
[    0.000000] percpu: Embedded 50 pages/cpu s167936 r8192 d28672 u1048576
[    0.000000] PV qspinlock hash table entries: 256 (order: 0, 4096 bytes)
[    0.000000] Built 1 zonelists, mobility grouping on.  Total pages: 257913
[    0.000000] Policy zone: DMA32
[    0.000000] Kernel command line: BOOT_IMAGE=/boot/vmlinuz-4.15.0-197-generic root=LABEL=cloudimg-rootfs ro console=tty1 console=ttyS0
[    0.000000] Memory: 982644K/1048120K available (12300K kernel code, 2477K rwdata, 4320K rodata, 2472K init, 2720K bss, 65476K reserved, 0K cma-reserved)
[    0.000000] SLUB: HWalign=64, Order=0-3, MinObjects=0, CPUs=2, Nodes=1
[    0.000000] ftrace: allocating 39478 entries in 155 pages
[    0.004000] Hierarchical RCU implementation.
[    0.004000] 	RCU restricting CPUs from NR_CPUS=8192 to nr_cpu_ids=2.
[    0.004000] 	Tasks RCU enabled.
[    0.004000] RCU: Adjusting geometry for rcu_fanout_leaf=16, nr_cpu_ids=2
[    0.004000] NR_IRQS: 524544, nr_irqs: 440, preallocated irqs: 16
[    0.004000] random: crng init done
[    0.004000] Console: colour VGA+ 80x25
[    0.004000] console [tty1] enabled
[    0.004000] console [ttyS0] enabled
[    0.004000] ACPI: Core revision 20170831
[    0.004000] ACPI: 2 ACPI AML tables successfully acquired and loaded
[    0.004000] APIC: Switch to symmetric I/O mode setup
[    0.004000] x2apic enabled
[    0.004000] Switched APIC routing to physical x2apic.
[    0.004000] ..TIMER: vector=0x30 apic1=0 pin1=2 apic2=-1 pin2=-1
[    0.004000] tsc: Detected 2595.124 MHz processor
[    0.004000] Calibrating delay loop (skipped) preset value.. 5190.24 BogoMIPS (lpj=10380496)
[    0.004000] pid_max: default: 32768 minimum: 301
[    0.004000] Security Framework initialized
[    0.004000] Yama: becoming mindful.
[    0.004000] AppArmor: AppArmor initialized
[    0.004000] Dentry cache hash table entries: 131072 (order: 8, 1048576 bytes)
[    0.004000] Inode-cache hash table entries: 65536 (order: 7, 524288 bytes)
[    0.004000] Mount-cache hash table entries: 2048 (order: 2, 16384 bytes)
[    0.004000] Mountpoint-cache hash table entries: 2048 (order: 2, 16384 bytes)
[    0.004532] Last level iTLB entries: 4KB 1024, 2MB 1024, 4MB 512
[    0.006124] Last level dTLB entries: 4KB 1536, 2MB 1536, 4MB 768, 1GB 0
[    0.008008] Spectre V1 : Mitigation: usercopy/swapgs barriers and __user pointer sanitization
[    0.010339] Spectre V2 : Mitigation: Retpolines
[    0.012004] Spectre V2 : Spectre v2 / SpectreRSB mitigation: Filling RSB on context switch
[    0.014680] Freeing SMP alternatives memory: 36K
[    0.140357] APIC calibration not consistent with PM-Timer: 104ms instead of 100ms
[    0.142403] APIC delta adjusted to PM-Timer: 6396607 (6676218)
[    0.144000] smpboot: CPU0: AMD Ryzen 3 3200U with Radeon Vega Mobile Gfx (family: 0x17, model: 0x18, stepping: 0x1)
[    0.144000] Performance Events: PMU not available due to virtualization, using software events only.
[    0.144163] Hierarchical SRCU implementation.
[    0.146289] NMI watchdog: Perf event create on CPU 0 failed with -2
[    0.148020] NMI watchdog: Perf NMI watchdog permanently disabled
[    0.149927] smp: Bringing up secondary CPUs ...
[    0.152206] x86: Booting SMP configuration:
[    0.153068] .... node  #0, CPUs:      #1
[    0.004000] kvm-clock: cpu 1, msr 0:3ff44041, secondary cpu clock
[    0.158111] smp: Brought up 1 node, 2 CPUs
[    0.158111] smpboot: Max logical packages: 1
[    0.158111] smpboot: Total of 2 processors activated (10380.49 BogoMIPS)
[    0.160207] devtmpfs: initialized
[    0.160982] x86/mm: Memory block size: 128MB
[    0.160982] evm: security.selinux
[    0.161171] evm: security.SMACK64
[    0.162080] evm: security.SMACK64EXEC
[    0.164003] evm: security.SMACK64TRANSMUTE
[    0.165027] evm: security.SMACK64MMAP
[    0.166106] evm: security.apparmor
[    0.166975] evm: security.ima
[    0.168003] evm: security.capability
[    0.168970] clocksource: jiffies: mask: 0xffffffff max_cycles: 0xffffffff, max_idle_ns: 7645041785100000 ns
[    0.170504] futex hash table entries: 512 (order: 3, 32768 bytes)
[    0.174051] pinctrl core: initialized pinctrl subsystem
[    0.176218] RTC time:  3:50:45, date: 12/02/22
[    0.177571] NET: Registered protocol family 16
[    0.178676] audit: initializing netlink subsys (disabled)
[    0.180061] audit: type=2000 audit(1669953050.920:1): state=initialized audit_enabled=0 res=1
[    0.184006] cpuidle: using governor ladder
[    0.184922] cpuidle: using governor menu
[    0.185287] ACPI: bus type PCI registered
[    0.188011] acpiphp: ACPI Hot Plug PCI Controller Driver version: 0.5
[    0.189776] PCI: Using configuration type 1 for base access
[    0.191122] PCI: Using configuration type 1 for extended access
[    0.193450] HugeTLB registered 2.00 MiB page size, pre-allocated 0 pages
[    0.196176] ACPI: Added _OSI(Module Device)
[    0.197538] ACPI: Added _OSI(Processor Device)
[    0.197538] ACPI: Added _OSI(3.0 _SCP Extensions)
[    0.197538] ACPI: Added _OSI(Processor Aggregator Device)
[    0.200010] ACPI: Added _OSI(Linux-Dell-Video)
[    0.201245] ACPI: Added _OSI(Linux-Lenovo-NV-HDMI-Audio)
[    0.202723] ACPI: Added _OSI(Linux-HPI-Hybrid-Graphics)
[    0.204594] ACPI: Executed 1 blocks of module-level executable AML code
[    0.211632] ACPI: Interpreter enabled
[    0.212023] ACPI: (supports S0 S5)
[    0.212927] ACPI: Using IOAPIC for interrupt routing
[    0.214477] PCI: Using host bridge windows from ACPI; if necessary, use "pci=nocrs" and report a bug
[    0.216227] ACPI: Enabled 2 GPEs in block 00 to 07
[    0.226467] ACPI: PCI Root Bridge [PCI0] (domain 0000 [bus 00-ff])
[    0.228013] acpi PNP0A03:00: _OSC: OS supports [ExtendedConfig ASPM ClockPM Segments MSI]
[    0.232101] acpi PNP0A03:00: _OSC: platform does not support [PCIeCapability]
[    0.234506] acpi PNP0A03:00: _OSC: not requesting control; platform does not support [PCIeCapability]
[    0.236006] acpi PNP0A03:00: _OSC: OS requested [PCIeHotplug PME AER PCIeCapability]
[    0.237974] acpi PNP0A03:00: _OSC: platform willing to grant [PCIeHotplug PME AER]
[    0.240009] acpi PNP0A03:00: _OSC failed (AE_SUPPORT); disabling ASPM
[    0.242999] PCI host bridge to bus 0000:00
[    0.244007] pci_bus 0000:00: root bus resource [io  0x0000-0x0cf7 window]
[    0.245630] pci_bus 0000:00: root bus resource [io  0x0d00-0xffff window]
[    0.247425] pci_bus 0000:00: root bus resource [mem 0x000a0000-0x000bffff window]
[    0.248010] pci_bus 0000:00: root bus resource [mem 0x40000000-0xfdffffff window]
[    0.249948] pci_bus 0000:00: root bus resource [bus 00-ff]
[    0.254672] pci 0000:00:01.1: legacy IDE quirk: reg 0x10: [io  0x01f0-0x01f7]
[    0.256022] pci 0000:00:01.1: legacy IDE quirk: reg 0x14: [io  0x03f6]
[    0.257260] pci 0000:00:01.1: legacy IDE quirk: reg 0x18: [io  0x0170-0x0177]
[    0.258614] pci 0000:00:01.1: legacy IDE quirk: reg 0x1c: [io  0x0376]
[    0.292394] pci 0000:00:07.0: quirk: [io  0x4000-0x403f] claimed by PIIX4 ACPI
[    0.294299] pci 0000:00:07.0: quirk: [io  0x4100-0x410f] claimed by PIIX4 SMB
[    0.308061] ACPI: PCI Interrupt Link [LNKA] (IRQs 5 9 10 *11)
[    0.309900] ACPI: PCI Interrupt Link [LNKB] (IRQs 5 9 *10 11)
[    0.311286] ACPI: PCI Interrupt Link [LNKC] (IRQs 5 *9 10 11)
[    0.312166] ACPI: PCI Interrupt Link [LNKD] (IRQs 5 9 10 *11)
[    0.314088] SCSI subsystem initialized
[    0.316090] pci 0000:00:02.0: vgaarb: setting as boot VGA device
[    0.317579] pci 0000:00:02.0: vgaarb: VGA device added: decodes=io+mem,owns=io+mem,locks=none
[    0.320015] pci 0000:00:02.0: vgaarb: bridge control possible
[    0.320015] vgaarb: loaded
[    0.320791] ACPI: bus type USB registered
[    0.321884] usbcore: registered new interface driver usbfs
[    0.323249] usbcore: registered new interface driver hub
[    0.324015] usbcore: registered new device driver usb
[    0.328047] EDAC MC: Ver: 3.0.0
[    0.328971] PCI: Using ACPI for IRQ routing
[    0.329307] NetLabel: Initializing
[    0.330042] NetLabel:  domain hash size = 128
[    0.332004] NetLabel:  protocols = UNLABELED CIPSOv4 CALIPSO
[    0.333120] NetLabel:  unlabeled traffic allowed by default
[    0.334241] clocksource: Switched to clocksource kvm-clock
[    0.354485] VFS: Disk quotas dquot_6.6.0
[    0.355484] VFS: Dquot-cache hash table entries: 512 (order 0, 4096 bytes)
[    0.357051] AppArmor: AppArmor Filesystem Enabled
[    0.358070] pnp: PnP ACPI init
[    0.360308] pnp: PnP ACPI: found 3 devices
[    0.372213] clocksource: acpi_pm: mask: 0xffffff max_cycles: 0xffffff, max_idle_ns: 2085701024 ns
[    0.374452] NET: Registered protocol family 2
[    0.376119] IP idents hash table entries: 16384 (order: 5, 131072 bytes)
[    0.379661] TCP established hash table entries: 8192 (order: 4, 65536 bytes)
[    0.381093] TCP bind hash table entries: 8192 (order: 5, 131072 bytes)
[    0.382349] TCP: Hash tables configured (established 8192 bind 8192)
[    0.383638] UDP hash table entries: 512 (order: 2, 16384 bytes)
[    0.384810] UDP-Lite hash table entries: 512 (order: 2, 16384 bytes)
[    0.386103] NET: Registered protocol family 1
[    0.386997] pci 0000:00:00.0: Limiting direct PCI/PCI transfers
[    0.388295] pci 0000:00:01.0: Activating ISA DMA hang workarounds
[    0.389511] pci 0000:00:02.0: Video device with shadowed ROM at [mem 0x000c0000-0x000dffff]
[    0.391254] Unpacking initramfs...
[    0.824120] Freeing initrd memory: 19536K
[    0.825957] clocksource: tsc: mask: 0xffffffffffffffff max_cycles: 0x25683d9e828, max_idle_ns: 440795202126 ns
[    0.830337] platform rtc_cmos: registered platform RTC device (no PNP device found)
[    0.833624] Scanning for low memory corruption every 60 seconds
[    0.837410] Initialise system trusted keyrings
[    0.838404] Key type blacklist registered
[    0.839488] workingset: timestamp_bits=36 max_order=18 bucket_order=0
[    0.842297] zbud: loaded
[    0.843720] squashfs: version 4.0 (2009/01/31) Phillip Lougher
[    0.845491] fuse init (API version 7.26)
[    0.852857] Key type asymmetric registered
[    0.853741] Asymmetric key parser 'x509' registered
[    0.854778] Block layer SCSI generic (bsg) driver version 0.4 loaded (major 246)
[    0.856387] io scheduler noop registered
[    0.857193] io scheduler deadline registered
[    0.858082] io scheduler cfq registered (default)
[    0.859522] ACPI: AC Adapter [AC] (off-line)
[    0.860533] input: Power Button as /devices/LNXSYSTM:00/LNXPWRBN:00/input/input0
[    0.862076] ACPI: Power Button [PWRF]
[    0.862965] input: Sleep Button as /devices/LNXSYSTM:00/LNXSLPBN:00/input/input1
[    0.864499] ACPI: Sleep Button [SLPF]
[    0.865707] Serial: 8250/16550 driver, 32 ports, IRQ sharing enabled
[    0.866667] ACPI: Battery Slot [BAT0] (battery present)
[    0.889019] 00:02: ttyS0 at I/O 0x3f8 (irq = 4, base_baud = 115200) is a 16550A
[    0.895161] Linux agpgart interface v0.103
[    0.901034] loop: module loaded
[    0.902786] scsi host0: ata_piix
[    0.903736] scsi host1: ata_piix
[    0.904681] ata1: PATA max UDMA/33 cmd 0x1f0 ctl 0x3f6 bmdma 0xd000 irq 14
[    0.906357] ata2: PATA max UDMA/33 cmd 0x170 ctl 0x376 bmdma 0xd008 irq 15
[    0.908714] tun: Universal TUN/TAP device driver, 1.6
[    0.910115] PPP generic driver version 2.4.2
[    0.911262] ehci_hcd: USB 2.0 'Enhanced' Host Controller (EHCI) Driver
[    0.912904] ehci-pci: EHCI PCI platform driver
[    0.913957] ehci-platform: EHCI generic platform driver
[    0.915266] ohci_hcd: USB 1.1 'Open' Host Controller (OHCI) Driver
[    0.916915] ohci-pci: OHCI PCI platform driver
[    0.918020] ohci-platform: OHCI generic platform driver
[    0.919332] uhci_hcd: USB Universal Host Controller Interface driver
[    0.921032] i8042: PNP: PS/2 Controller [PNP0303:PS2K,PNP0f03:PS2M] at 0x60,0x64 irq 1,12
[    0.923642] serio: i8042 KBD port at 0x60,0x64 irq 1
[    0.925050] serio: i8042 AUX port at 0x60,0x64 irq 12
[    0.926658] mousedev: PS/2 mouse device common for all mice
[    0.928620] input: AT Translated Set 2 keyboard as /devices/platform/i8042/serio0/input/input2
[    0.931417] rtc_cmos rtc_cmos: rtc core: registered rtc_cmos as rtc0
[    0.933105] rtc_cmos rtc_cmos: alarms up to one day, 114 bytes nvram
[    0.934611] i2c /dev entries driver
[    0.935573] device-mapper: uevent: version 1.0.3
[    0.936946] device-mapper: ioctl: 4.37.0-ioctl (2017-09-20) initialised: dm-devel@redhat.com
[    0.939207] ledtrig-cpu: registered to indicate activity on CPUs
[    0.941572] NET: Registered protocol family 10
[    0.947922] Segment Routing with IPv6
[    0.948881] NET: Registered protocol family 17
[    0.950028] Key type dns_resolver registered
[    0.951483] mce: Using 0 MCE banks
[    0.952467] RAS: Correctable Errors collector initialized.
[    0.953816] sched_clock: Marking stable (952451039, 0)->(1178925666, -226474627)
[    0.956378] registered taskstats version 1
[    0.957431] Loading compiled-in X.509 certificates
[    0.961616] Loaded X.509 cert 'Build time autogenerated kernel key: ffc9dd3886e7b6bb89620497cc57c4262b59bc54'
[    0.964976] Loaded X.509 cert 'Canonical Ltd. Live Patch Signing: 14df34d1a87cf37625abec039ef2bf521249b969'
[    0.967744] Loaded X.509 cert 'Canonical Ltd. Kernel Module Signing: 88f752e560a1e0737e31163a466ad7b70a850c19'
[    0.969705] blacklist: Loading compiled-in revocation X.509 certificates
[    0.971032] Loaded X.509 cert 'Canonical Ltd. Secure Boot Signing: 61482aa2830d0ab2ad5af10b7250da9033ddcef0'
[    0.973028] zswap: loaded using pool lzo/zbud
[    0.978812] Key type big_key registered
[    0.979686] Key type trusted registered
[    0.982711] Key type encrypted registered
[    0.983748] AppArmor: AppArmor sha1 policy hashing enabled
[    0.985174] ima: No TPM chip found, activating TPM-bypass! (rc=-19)
[    0.986796] ima: Allocated hash algorithm: sha1
[    0.987985] evm: HMAC attrs: 0x1
[    0.989284]   Magic number: 2:290:815
[    0.990464] rtc_cmos rtc_cmos: setting system clock to 2022-12-02 03:50:46 UTC (1669953046)
[    0.992782] BIOS EDD facility v0.16 2004-Jun-25, 0 devices found
[    0.994275] EDD information not available.
[    1.102481] Freeing unused kernel image memory: 2472K
[    1.112138] Write protecting the kernel read-only data: 20480k
[    1.115713] Freeing unused kernel image memory: 2008K
[    1.118443] Freeing unused kernel image memory: 1824K
[    1.139966] x86/mm: Checked W+X mappings: passed, no W+X pages found.
Loading, please wait...
starting version 237
[    1.283859] Fusion MPT base driver 3.04.20
[    1.283918] e1000: Intel(R) PRO/1000 Network Driver - version 7.3.21-k8-NAPI
[    1.285705] Copyright (c) 1999-2008 LSI Corporation
[    1.290352] e1000: Copyright (c) 1999-2006 Intel Corporation.
[    1.307181] Fusion MPT SPI Host driver 3.04.20
[    1.345752] AVX2 version of gcm_enc/dec engaged.
[    1.347297] AES CTR mode by8 optimization enabled
[    1.505437] input: ImExPS/2 Generic Explorer Mouse as /devices/platform/i8042/serio1/input/input4
[    1.732014] e1000 0000:00:03.0 eth0: (PCI:33MHz:32-bit) 02:a6:12:9f:2a:1a
[    1.735250] e1000 0000:00:03.0 eth0: Intel(R) PRO/1000 Network Connection
[    1.741115] mptbase: ioc0: Initiating bringup
[    1.741902] e1000 0000:00:03.0 enp0s3: renamed from eth0
[    1.904553] ioc0: LSI53C1030 A0: Capabilities={Initiator}
[    4.179183] scsi host2: ioc0: LSI53C1030 A0, FwRev=00000000h, Ports=1, MaxQ=256, IRQ=20
[    4.353128] scsi 2:0:0:0: Direct-Access     VBOX     HARDDISK         1.0  PQ: 0 ANSI: 5
[    4.380482] scsi target2:0:0: Beginning Domain Validation
[    4.384163] scsi target2:0:0: Domain Validation skipping write tests
[    4.386466] scsi target2:0:0: Ending Domain Validation
[    4.388470] scsi target2:0:0: asynchronous
[    4.390779] scsi 2:0:1:0: Direct-Access     VBOX     HARDDISK         1.0  PQ: 0 ANSI: 5
[    4.560542] scsi target2:0:1: Beginning Domain Validation
[    4.565796] scsi target2:0:1: Domain Validation skipping write tests
[    4.568615] scsi target2:0:1: Ending Domain Validation
[    4.570990] scsi target2:0:1: asynchronous
[    4.583509] sd 2:0:0:0: Attached scsi generic sg0 type 0
[    4.584318] sd 2:0:0:0: [sda] 83886080 512-byte logical blocks: (42.9 GB/40.0 GiB)
[    4.587839] sd 2:0:1:0: Attached scsi generic sg1 type 0
[    4.593021] sd 2:0:0:0: [sda] Write Protect is off
[    4.598902] sd 2:0:1:0: [sdb] 20480 512-byte logical blocks: (10.5 MB/10.0 MiB)
[    4.599271] sd 2:0:0:0: [sda] Incomplete mode parameter data
[    4.605358] sd 2:0:0:0: [sda] Assuming drive cache: write through
[    4.605416] sd 2:0:1:0: [sdb] Write Protect is off
[    4.610335] sd 2:0:1:0: [sdb] Incomplete mode parameter data
[    4.613047] sd 2:0:1:0: [sdb] Assuming drive cache: write through
[    4.614857]  sda: sda1
[    4.619346] sd 2:0:0:0: [sda] Attached SCSI disk
[    4.622588] sd 2:0:1:0: [sdb] Attached SCSI disk
Begin: Loading essential drivers ... [    6.260453] raid6: sse2x1   gen()  5165 MB/s
[    6.308290] raid6: sse2x1   xor()  4011 MB/s
[    6.356150] raid6: sse2x2   gen()  9337 MB/s
[    6.404036] raid6: sse2x2   xor()  6105 MB/s
[    6.452468] raid6: sse2x4   gen()  8874 MB/s
[    6.500933] raid6: sse2x4   xor()  5459 MB/s
[    6.548305] raid6: avx2x1   gen()  8970 MB/s
[    6.596849] raid6: avx2x1   xor()  4714 MB/s
[    6.644748] raid6: avx2x2   gen() 13944 MB/s
[    6.692126] raid6: avx2x2   xor()  8061 MB/s
[    6.740314] raid6: avx2x4   gen() 13149 MB/s
[    6.788229] raid6: avx2x4   xor()  7256 MB/s
[    6.789469] raid6: using algorithm avx2x2 gen() 13944 MB/s
[    6.790927] raid6: .... xor() 8061 MB/s, rmw enabled
[    6.792272] raid6: using avx2x2 recovery algorithm
[    6.795464] xor: automatically using best checksumming function   avx       
[    6.798839] async_tx: api initialized (async)
done.
Begin: Running /scripts/init-premount ... done.
Begin: Mounting root file system ... Begin: Running /scripts/local-top ... done.
Begin: Running /scripts/local-premount ... [    6.874541] Btrfs loaded, crc32c=crc32c-intel
Scanning for Btrfs filesystems
done.
Warning: fsck not present, so skipping root file system
[    6.934574] EXT4-fs (sda1): INFO: recovery required on readonly filesystem
[    6.937269] EXT4-fs (sda1): write access will be enabled during recovery
[    6.973242] EXT4-fs (sda1): recovery complete
[    6.975574] EXT4-fs (sda1): mounted filesystem with ordered data mode. Opts: (null)
done.
Begin: Running /scripts/local-bottom ... done.
Begin: Running /scripts/init-bottom ... done.
[    7.234000] ip_tables: (C) 2000-2006 Netfilter Core Team
[    7.254624] systemd[1]: systemd 237 running in system mode. (+PAM +AUDIT +SELINUX +IMA +APPARMOR +SMACK +SYSVINIT +UTMP +LIBCRYPTSETUP +GCRYPT +GNUTLS +ACL +XZ +LZ4 +SECCOMP +BLKID +ELFUTILS +KMOD -IDN2 +IDN -PCRE2 default-hierarchy=hybrid)
[    7.263105] systemd[1]: Detected virtualization oracle.
[    7.265498] systemd[1]: Detected architecture x86-64.

Welcome to [1mUbuntu 18.04.6 LTS[0m!

[    7.278955] systemd[1]: Set hostname to <ubuntu-bionic>.
[    7.665723] systemd[1]: Reached target Swap.
[[0;32m  OK  [0m] Reached target Swap.
[    7.669488] systemd[1]: Reached target User and Group Name Lookups.
[[0;32m  OK  [0m] Reached target User and Group Name Lookups.
[    7.684517] systemd[1]: Started Forward Password Requests to Wall Directory Watch.
[[0;32m  OK  [0m] Started Forward Password Requests to Wall Directory Watch.
[    7.703315] systemd[1]: Created slice System Slice.
[[0;32m  OK  [0m] Created slice System Slice.
[    7.706198] systemd[1]: Listening on /dev/initctl Compatibility Named Pipe.
[[0;32m  OK  [0m] Listening on /dev/initctl Compatibility Named Pipe.
[    7.709761] systemd[1]: Listening on Journal Socket.
[[0;32m  OK  [0m] Listening on Journal Socket.
[[0;32m  OK  [0m] Listening on LVM2 poll daemon socket.
         Starting Load Kernel Modules...
         Starting Create list of required stâ€¦ce nodes for the current kernel...
[[0;32m  OK  [0m] Listening on udev Kernel Socket.
         Starting Uncomplicated firewall...
[[0;32m  OK  [0m] Listening on udev Control Socket.
         Mounting Kernel Debug File System...
[    7.737457] Loading iSCSI transport class v2.0-870.
         Mounting POSIX Message Queue File System...
[[0;32m  OK  [0m] Reached target System Time Synchronized.
[    7.749099] iscsi: registered transport (tcp)
         Starting udev Coldplug all Devices...
[[0;32m  OK  [0m] Listening on Journal Audit Socket.
[[0;32m  OK  [0m] Set up automount Arbitrary Executabâ€¦rmats File System Automount Point.
         Starting Set the console keyboard layout...
[[0;32m  OK  [0m] Listening on fsck to fsckd communication Socket.
         Mounting Huge Pages File System...
[[0;32m  OK  [0m] Listening on Device-mapper event daemon FIFOs.
[[0;32m  OK  [0m] Listening on Network Service Netlink Socket.
[[0;32m  OK  [0m] Created slice system-serial\x2dgetty.slice.
[[0;32m  OK  [0m] Listening on LVM2 metadata daemon socket.
         Starting Monitoring of LVM2 mirrorsâ€¦ng dmeventd or progress polling...
         Starting File System Check on Root Device...
[[0;32m  OK  [0m] Created slice User and Session Slice.
[[0;32m  OK  [0m] Reached target Slices.
[[0;32m  OK  [0m] Listening on Journal Socket (/dev/log).
[[0;32m  OK  [0m] Listening on Syslog Socket.
[    7.806891] iscsi: registered transport (iser)
         Starting Journal Service...
[[0;32m  OK  [0m] Started Load Kernel Modules.
[[0;32m  OK  [0m] Started Create list of required staâ€¦vice nodes for the current kernel.
[[0;32m  OK  [0m] Started Uncomplicated firewall.
[[0;32m  OK  [0m] Mounted Kernel Debug File System.
[[0;32m  OK  [0m] Mounted POSIX Message Queue File System.
[[0;32m  OK  [0m] Mounted Huge Pages File System.
         Starting Create Static Device Nodes in /dev...
         Mounting FUSE Control File System...
         Mounting Kernel Configuration File System...
         Starting Apply Kernel Variables...
[[0;32m  OK  [0m] Mounted FUSE Control File System.
[[0;32m  OK  [0m] Mounted Kernel Configuration File System.
[[0;32m  OK  [0m] Started LVM2 metadata daemon.
[[0;32m  OK  [0m] Started File System Check Daemon to report status.
[[0;32m  OK  [0m] Started udev Coldplug all Devices.
[[0;32m  OK  [0m] Started File System Check on Root Device.
         Starting Remount Root and Kernel File Systems...
[[0;32m  OK  [0m] Started Journal Service.
[[0;32m  OK  [0m] Started Create Static Device Nodes in /dev.
[[0;32m  OK  [0m] Started Apply Kernel Variables.
[[0;32m  OK  [0m] Started Remount Root and Kernel File Systems.
         Starting udev Kernel Device Manager...
         Starting Flush Journal to Persistent Storage...
         Starting Load/Save Random Seed...
[[0;32m  OK  [0m] Started Monitoring of LVM2 mirrors,â€¦sing dmeventd or progress polling.
[[0;32m  OK  [0m] Started Load/Save Random Seed.
[[0;32m  OK  [0m] Started udev Kernel Device Manager.
[[0;32m  OK  [0m] Started Set the console keyboard layout.
[[0;32m  OK  [0m] Started Dispatch Password Requests to Console Directory Watch.
[[0;32m  OK  [0m] Reached target Local Encrypted Volumes.
[[0;32m  OK  [0m] Reached target Local File Systems (Pre).
[[0;32m  OK  [0m] Reached target Local File Systems.
         Starting Tell Plymouth To Write Out Runtime Data...
         Starting AppArmor initialization...
         Starting Set console font and keymap...
         Starting ebtables ruleset management...
[[0;32m  OK  [0m] Started Tell Plymouth To Write Out Runtime Data.
[[0;32m  OK  [0m] Started Flush Journal to Persistent Storage.
         Starting Create Volatile Files and Directories...
[[0;32m  OK  [0m] Started Set console font and keymap.
[[0;32m  OK  [0m] Started Create Volatile Files and Directories.
         Starting Update UTMP about System Boot/Shutdown...
[[0;32m  OK  [0m] Started Update UTMP about System Boot/Shutdown.
[[0;32m  OK  [0m] Started ebtables ruleset management.
[[0;32m  OK  [0m] Started AppArmor initialization.
         Starting Initial cloud-init job (pre-networking)...
         Starting Load AppArmor profiles managed internally by snapd...
[[0;32m  OK  [0m] Found device /dev/ttyS0.
         Mounting Arbitrary Executable File Formats File System...
[[0;32m  OK  [0m] Mounted Arbitrary Executable File Formats File System.
[[0;32m  OK  [0m] Started Load AppArmor profiles managed internally by snapd.
[[0;32m  OK  [0m] Listening on Load/Save RF Kill Switch Status /dev/rfkill Watch.
[   10.750828] cloud-init[526]: Cloud-init v. 22.3.4-0ubuntu1~18.04.1 running 'init-local' at Fri, 02 Dec 2022 03:50:55 +0000. Up 10.43 seconds.
[[0;32m  OK  [0m] Started Initial cloud-init job (pre-networking).
[[0;32m  OK  [0m] Reached target Network (Pre).
         Starting Network Service...
[[0;32m  OK  [0m] Started Network Service.
         Starting Network Name Resolution...
         Starting Wait for Network to be Configured...
[[0;32m  OK  [0m] Started Network Name Resolution.
[[0;32m  OK  [0m] Reached target Host and Network Name Lookups.
[[0;32m  OK  [0m] Reached target Network.
[[0;32m  OK  [0m] Started Wait for Network to be Configured.
         Starting Initial cloud-init job (metadata service crawler)...
[   13.002619] cloud-init[677]: Cloud-init v. 22.3.4-0ubuntu1~18.04.1 running 'init' at Fri, 02 Dec 2022 03:50:58 +0000. Up 12.76 seconds.
[   13.016693] cloud-init[677]: ci-info: ++++++++++++++++++++++++++++++++++++++Net device info++++++++++++++++++++++++++++++++++++++
[   13.022554] cloud-init[677]: ci-info: +--------+------+----------------------------+---------------+--------+-------------------+
[   13.027672] cloud-init[677]: ci-info: | Device |  Up  |          Address           |      Mask     | Scope  |     Hw-Address    |
[   13.031671] cloud-init[677]: ci-info: +--------+------+----------------------------+---------------+--------+-------------------+
[   13.035186] cloud-init[677]: ci-info: | enp0s3 | True |         10.0.2.15          | 255.255.255.0 | global | 02:a6:12:9f:2a:1a |
[   13.039923] cloud-init[677]: ci-info: | enp0s3 | True | fe80::a6:12ff:fe9f:2a1a/64 |       .       |  link  | 02:a6:12:9f:2a:1a |
[   13.044598] cloud-init[677]: ci-info: |   lo   | True |         127.0.0.1          |   255.0.0.0   |  host  |         .         |
[   13.049225] cloud-init[677]: ci-info: |   lo   | True |          ::1/128           |       .       |  host  |         .         |
[   13.056108] cloud-init[677]: ci-info: +--------+------+----------------------------+---------------+--------+-------------------+
[   13.064639] cloud-init[677]: ci-info: ++++++++++++++++++++++++++++Route IPv4 info+++++++++++++++++++++++++++++
[   13.066818] cloud-init[677]: ci-info: +-------+-------------+----------+-----------------+-----------+-------+
[   13.069082] cloud-init[677]: ci-info: | Route | Destination | Gateway  |     Genmask     | Interface | Flags |
[   13.071599] cloud-init[677]: ci-info: +-------+-------------+----------+-----------------+-----------+-------+
[   13.074202] cloud-init[677]: ci-info: |   0   |   0.0.0.0   | 10.0.2.2 |     0.0.0.0     |   enp0s3  |   UG  |
[   13.076795] cloud-init[677]: ci-info: |   1   |   10.0.2.0  | 0.0.0.0  |  255.255.255.0  |   enp0s3  |   U   |
[   13.079245] cloud-init[677]: ci-info: |   2   |   10.0.2.2  | 0.0.0.0  | 255.255.255.255 |   enp0s3  |   UH  |
[   13.082104] cloud-init[677]: ci-info: +-------+-------------+----------+-----------------+-----------+-------+
[   13.084533] cloud-init[677]: ci-info: +++++++++++++++++++Route IPv6 info+++++++++++++++++++
[   13.086619] cloud-init[677]: ci-info: +-------+-------------+---------+-----------+-------+
[   13.089161] cloud-init[677]: ci-info: | Route | Destination | Gateway | Interface | Flags |
[   13.091163] cloud-init[677]: ci-info: +-------+-------------+---------+-----------+-------+
[   13.093412] cloud-init[677]: ci-info: |   1   |  fe80::/64  |    ::   |   enp0s3  |   U   |
[   13.095544] cloud-init[677]: ci-info: |   3   |    local    |    ::   |   enp0s3  |   U   |
[   13.097915] cloud-init[677]: ci-info: |   4   |   ff00::/8  |    ::   |   enp0s3  |   U   |
[   13.099877] cloud-init[677]: ci-info: +-------+-------------+---------+-----------+-------+
[[0;32m  OK  [0m] Started Initial cloud-init job (metadata service crawler).
[[0;32m  OK  [0m] Reached target System Initialization.
[[0;32m  OK  [0m] Started Daily apt upgrade and clean activities.
[[0;32m  OK  [0m] Listening on UUID daemon activation socket.
[[0;32m  OK  [0m] Listening on cloud-init hotplug hook socket.
[[0;32m  OK  [0m] Started Ubuntu Advantage Timer for running repeated jobs.
         Starting LXD - unix socket.
[[0;32m  OK  [0m] Started ACPI Events Check.
[[0;32m  OK  [0m] Reached target Paths.
[[0;32m  OK  [0m] Listening on ACPID Listen Socket.
[[0;32m  OK  [0m] Started Daily Cleanup of Temporary Directories.
[[0;32m  OK  [0m] Started Message of the Day.
[[0;32m  OK  [0m] Listening on D-Bus System Message Bus Socket.
[[0;32m  OK  [0m] Started Discard unused blocks once a week.
[[0;32m  OK  [0m] Reached target Timers.
[[0;32m  OK  [0m] Listening on Open-iSCSI iscsid Socket.
         Starting Socket activation for snappy daemon.
[[0;32m  OK  [0m] Reached target Cloud-config availability.
[[0;32m  OK  [0m] Reached target Network is Online.
         Starting Availability of block devices...
[[0;32m  OK  [0m] Reached target Remote File Systems (Pre).
         Mounting /vagrant...
[[0;32m  OK  [0m] Listening on LXD - unix socket.
[[0;32m  OK  [0m] Listening on Socket activation for snappy daemon.
[[0;32m  OK  [0m] Reached target Sockets.
[[0;32m  OK  [0m] Reached target Basic System.
[[0;32m  OK  [0m] Started irqbalance daemon.
[[0;32m  OK  [0m] Reached target Login Prompts (Pre).
[[0;32m  OK  [0m] Started Regular background program processing daemon.
         Starting Accounts Service...
         Starting System Logging Service...
         Starting Dispatcher daemon for systemd-networkd...
[[0;32m  OK  [0m] Started D-Bus System Message Bus.
         Starting OpenBSD Secure Shell server...
[[0;32m  OK  [0m] Started FUSE filesystem for LXC.
         Starting Login Service...
         Starting Snap Daemon...
[[0;32m  OK  [0m] Started Deferred execution scheduler.
         Starting Virtualbox guest utils...
         Starting LSB: Record successful boot for GRUB...
         Starting LXD - container startup/shutdown...
[[0;32m  OK  [0m] Started System Logging Service.
[[0;32m  OK  [0m] Started Availability of block devices.
[[0;32m  OK  [0m] Mounted /vagrant.
[[0;32m  OK  [0m] Started Login Service.
[[0;32m  OK  [0m] Started Unattended Upgrades Shutdown.
         Starting Authorization Manager...
[[0;32m  OK  [0m] Reached target Remote File Systems.
         Starting LSB: automatic crash report generation...
         Starting Permit User Sessions...
[[0;32m  OK  [0m] Started OpenBSD Secure Shell server.
[[0;32m  OK  [0m] Started Permit User Sessions.
         Starting Terminate Plymouth Boot Screen...
         Starting Hold until boot process finishes up...
[[0;32m  OK  [0m] Started Hold until boot process finishes up.
         Starting Set console scheme...
[[0;32m  OK  [0m] Started Serial Getty on ttyS0.
[[0;32m  OK  [0m] Started Terminate Plymouth Boot Screen.
[[0;32m  OK  [0m] Started Authorization Manager.
[[0;32m  OK  [0m] Started Accounts Service.
[[0;32m  OK  [0m] Started Set console scheme.
[[0;32m  OK  [0m] Created slice system-getty.slice.
[[0;32m  OK  [0m] Started Getty on tty1.
[[0;32m  OK  [0m] Reached target Login Prompts.
[[0;32m  OK  [0m] Started Virtualbox guest utils.
[[0;32m  OK  [0m] Started LSB: automatic crash report generation.
[[0;32m  OK  [0m] Started LSB: Record successful boot for GRUB.
[[0;32m  OK  [0m] Started LXD - container startup/shutdown.
[[0;32m  OK  [0m] Started Dispatcher daemon for systemd-networkd.
[[0;32m  OK  [0m] Created slice User Slice of vagrant.
         Starting User Manager for UID 1000...
[[0;32m  OK  [0m] Started Session 1 of user vagrant.
[[0;32m  OK  [0m] Started User Manager for UID 1000.
[[0;32m  OK  [0m] Started Snap Daemon.
         Starting Wait until snapd is fully seeded...
         Starting Time & Date Service...
[[0;32m  OK  [0m] Started Time & Date Service.
[[0;32m  OK  [0m] Started Wait until snapd is fully seeded.
         Starting Apply the settings specified in cloud-config...
[   16.323074] cloud-init[1119]: Cloud-init v. 22.3.4-0ubuntu1~18.04.1 running 'modules:config' at Fri, 02 Dec 2022 03:51:01 +0000. Up 16.10 seconds.
[[0;32m  OK  [0m] Started Apply the settings specified in cloud-config.
[[0;32m  OK  [0m] Reached target Multi-User System.
[[0;32m  OK  [0m] Reached target Graphical Interface.
         Starting Update UTMP about System Runlevel Changes...
         Starting Execute cloud user/final scripts...
[[0;32m  OK  [0m] Started Update UTMP about System Runlevel Changes.
[   17.669412] cloud-init[1212]: Cloud-init v. 22.3.4-0ubuntu1~18.04.1 running 'modules:final' at Fri, 02 Dec 2022 03:51:02 +0000. Up 17.38 seconds.
[   17.673131] cloud-init[1212]: Cloud-init v. 22.3.4-0ubuntu1~18.04.1 finished at Fri, 02 Dec 2022 03:51:03 +0000. Datasource DataSourceNoCloud [seed=/dev/sdb][dsmode=net].  Up 17.64 seconds
[[0;32m  OK  [0m] Started Execute cloud user/final scripts.
[[0;32m  OK  [0m] Reached target Cloud-init target.

Ubuntu 18.04.6 LTS ubuntu-bionic ttyS0

ubuntu-bionic login: 